// Jest Snapshot v1, https://goo.gl/fbAQLP

exports[`Ingredient snapshot 1`] = `
<Fragment>
  <li>
     
     
  </li>
</Fragment>
`;
