// Jest Snapshot v1, https://goo.gl/fbAQLP

exports[`PrepTime snapshot 1`] = `
<h4>
  Preparation time : 
  10
</h4>
`;

exports[`totalTime snapshot 1`] = `
<h4>
  Preparation time : 
  10
</h4>
`;
