// Jest Snapshot v1, https://goo.gl/fbAQLP

exports[`FindRecipe renders without crashing 1`] = `undefined`;
