// Jest Snapshot v1, https://goo.gl/fbAQLP

exports[`Method snapshot 1`] = `
<Fragment>
  <li />
</Fragment>
`;
